// Jest Snapshot v1, https://goo.gl/fbAQLP

exports[`<Button /> Should match snapshot 1`] = `
<button
  className="undefined undefined undefined"
  type="button"
>
  Default Button
</button>
`;
