// Jest Snapshot v1, https://goo.gl/fbAQLP

exports[`<CanvasComponent /> Should match snapshot 1`] = `<canvas />`;
