// Jest Snapshot v1, https://goo.gl/fbAQLP

exports[`<GamePage /> Should match snapshot 1`] = `
Array [
  <div>
    <p>
      Очки:
      <span>
        0
      </span>
    </p>
    <p>
      Оставшиеся жизни:
      <span>
        3
      </span>
    </p>
    <p>
      Время:
      <span>
        0
      </span>
    </p>
  </div>,
  <div>
    <img
      alt="fullscreen switch"
      onClick={[Function]}
      src="default"
    />
  </div>,
  <div
    className=""
  >
    <canvas />
  </div>,
  <div>
    <div
      className=""
    >
      3
    </div>
  </div>,
]
`;
